// Jest Snapshot v1, https://goo.gl/fbAQLP

exports[`renders with the correct props 1`] = `
<div
  className="item-group"
>
  <div
    className="row item-group-head "
    onClick={[Function]}
  >
    <div
      className="col-sm-11"
    >
      <h3
        className="item-title"
      >
        title
         - 
        <a
          href="http://google.com"
          target="_blank"
        >
          visit
        </a>
      </h3>
      <p
        className="item-desc"
      >
        desc
      </p>
    </div>
    <div
      className="col-sm-1 arrow-icon"
    >
      <span
        aria-hidden="true"
        className="glyphicon glyphicon-menu-up"
      />
    </div>
  </div>
</div>
`;
