// Jest Snapshot v1, https://goo.gl/fbAQLP

exports[`renders with the correct props 1`] = `
<li>
  test
  <button
    className="btn btn-danger"
    onClick={[Function]}
  >
    <span
      aria-hidden="true"
      className="glyphicon glyphicon-trash"
    />
  </button>
</li>
`;
